[INFO] Scanning for projects...
[INFO] ------------------------------------------------------------------------
[INFO] Reactor Build Order:
[INFO] 
[INFO] AxonRH Backend                                                     [pom]
[INFO] AxonRH Kafka Common                                                [jar]
[INFO] AxonRH Timesheet Service                                           [jar]
[INFO] 
[INFO] ---------------------< com.axonrh:axonrh-backend >----------------------
[INFO] Building AxonRH Backend 1.0.0-SNAPSHOT                             [1/3]
[INFO]   from pom.xml
[INFO] --------------------------------[ pom ]---------------------------------
[INFO] 
[INFO] ----------------------< com.axonrh:kafka-common >-----------------------
[INFO] Building AxonRH Kafka Common 1.0.0-SNAPSHOT                        [2/3]
[INFO]   from common\kafka\pom.xml
[INFO] --------------------------------[ jar ]---------------------------------
[INFO] 
[INFO] --- resources:3.3.1:resources (default-resources) @ kafka-common ---
[INFO] skip non existing resourceDirectory C:\Users\Jaime.Vicente\axonrh\backend\common\kafka\src\main\resources
[INFO] skip non existing resourceDirectory C:\Users\Jaime.Vicente\axonrh\backend\common\kafka\src\main\resources
[INFO] 
[INFO] --- compiler:3.13.0:compile (default-compile) @ kafka-common ---
[INFO] Nothing to compile - all classes are up to date.
[INFO] 
[INFO] --------------------< com.axonrh:timesheet-service >--------------------
[INFO] Building AxonRH Timesheet Service 1.0.0-SNAPSHOT                   [3/3]
[INFO]   from timesheet-service\pom.xml
[INFO] --------------------------------[ jar ]---------------------------------
[INFO] 
[INFO] --- resources:3.3.1:resources (default-resources) @ timesheet-service ---
[INFO] Copying 1 resource from src\main\resources to target\classes
[INFO] Copying 6 resources from src\main\resources to target\classes
[INFO] 
[INFO] --- compiler:3.13.0:compile (default-compile) @ timesheet-service ---
[INFO] Recompiling the module because of changed source code.
[INFO] Compiling 71 source files with javac [debug parameters release 17] to target\classes
[INFO] -------------------------------------------------------------
[ERROR] COMPILATION ERROR : 
[INFO] -------------------------------------------------------------
[ERROR] /C:/Users/Jaime.Vicente/axonrh/backend/timesheet-service/src/main/java/com/axonrh/timesheet/service/TimesheetExportService.java:[66,49] cannot find symbol
  symbol:   method getWorkScheduleWithDays(java.util.UUID,java.util.UUID)
  location: variable coreServiceClient of type com.axonrh.timesheet.client.CoreServiceClient
[ERROR] /C:/Users/Jaime.Vicente/axonrh/backend/timesheet-service/src/main/java/com/axonrh/timesheet/service/TimesheetExportService.java:[69,51] cannot find symbol
  symbol:   method getWorkSchedule(java.util.UUID,java.util.UUID)
  location: variable dailySummaryService of type com.axonrh.timesheet.service.DailySummaryService
[ERROR] /C:/Users/Jaime.Vicente/axonrh/backend/timesheet-service/src/main/java/com/axonrh/timesheet/service/TimesheetExportService.java:[112,59] cannot find symbol
  symbol:   method getWorkSchedule(java.util.UUID,java.util.UUID)
  location: variable dailySummaryService of type com.axonrh.timesheet.service.DailySummaryService
[INFO] 3 errors 
[INFO] -------------------------------------------------------------
[INFO] ------------------------------------------------------------------------
[INFO] Reactor Summary for AxonRH Backend 1.0.0-SNAPSHOT:
[INFO] 
[INFO] AxonRH Backend ..................................... SUCCESS [  0.022 s]
[INFO] AxonRH Kafka Common ................................ SUCCESS [  1.083 s]
[INFO] AxonRH Timesheet Service ........................... FAILURE [  9.911 s]
[INFO] ------------------------------------------------------------------------
[INFO] BUILD FAILURE
[INFO] ------------------------------------------------------------------------
[INFO] Total time:  11.596 s
[INFO] Finished at: 2026-02-14T11:53:59-03:00
[INFO] ------------------------------------------------------------------------
[ERROR] Failed to execute goal org.apache.maven.plugins:maven-compiler-plugin:3.13.0:compile (default-compile) on project timesheet-service: Compilation failure: Compilation failure: 
[ERROR] /C:/Users/Jaime.Vicente/axonrh/backend/timesheet-service/src/main/java/com/axonrh/timesheet/service/TimesheetExportService.java:[66,49] cannot find symbol
[ERROR]   symbol:   method getWorkScheduleWithDays(java.util.UUID,java.util.UUID)
[ERROR]   location: variable coreServiceClient of type com.axonrh.timesheet.client.CoreServiceClient
[ERROR] /C:/Users/Jaime.Vicente/axonrh/backend/timesheet-service/src/main/java/com/axonrh/timesheet/service/TimesheetExportService.java:[69,51] cannot find symbol
[ERROR]   symbol:   method getWorkSchedule(java.util.UUID,java.util.UUID)
[ERROR]   location: variable dailySummaryService of type com.axonrh.timesheet.service.DailySummaryService
[ERROR] /C:/Users/Jaime.Vicente/axonrh/backend/timesheet-service/src/main/java/com/axonrh/timesheet/service/TimesheetExportService.java:[112,59] cannot find symbol
[ERROR]   symbol:   method getWorkSchedule(java.util.UUID,java.util.UUID)
[ERROR]   location: variable dailySummaryService of type com.axonrh.timesheet.service.DailySummaryService
[ERROR] -> [Help 1]
[ERROR] 
[ERROR] To see the full stack trace of the errors, re-run Maven with the -e switch.
[ERROR] Re-run Maven using the -X switch to enable full debug logging.
[ERROR] 
[ERROR] For more information about the errors and possible solutions, please read the following articles:
[ERROR] [Help 1] http://cwiki.apache.org/confluence/display/MAVEN/MojoFailureException
[ERROR] 
[ERROR] After correcting the problems, you can resume the build with the command
[ERROR]   mvn <args> -rf :timesheet-service
